// Vitest Snapshot v1, https://vitest.dev/guide/snapshot.html

exports[`ResultFooter — mandatory footer (freshness + DMW verify link + hotline) > renders the HIGH_RISK report block (snapshot) 1`] = `"<footer class="mt-4 border-t border-manila-rule/60 pt-3 font-mono text-[0.7rem] leading-relaxed text-manila-ink/80"><p>DMW record as of 2026-07-14, last synced 2026-07-27. Always verify on the <a href="https://dmw.gov.ph" target="_blank" rel="noreferrer" class="font-semibold underline decoration-manila-rule underline-offset-2 hover:text-narra">official DMW website</a>.</p><p class="mt-1">DMW Hotline: 1348</p><div class="mt-3 border-t border-manila-rule/60 pt-3"><p class="font-semibold uppercase tracking-wider">Paano mag-report:</p><ul class="mt-1 space-y-0.5"><li>DMW Anti-Illegal Recruitment Branch: (02) 8722-1144 / 8722-1155</li><li>IACAT 1343 Actionline (human trafficking): 1343</li></ul></div></footer>"`;

exports[`ResultFooter — mandatory footer (freshness + DMW verify link + hotline) > renders the default (non-HIGH_RISK) footer (snapshot) 1`] = `"<footer class="mt-4 border-t border-manila-rule/60 pt-3 font-mono text-[0.7rem] leading-relaxed text-manila-ink/80"><p>Last synced 2026-07-27. Always verify on the <a href="https://dmw.gov.ph" target="_blank" rel="noreferrer" class="font-semibold underline decoration-manila-rule underline-offset-2 hover:text-narra">official DMW website</a>.</p><p class="mt-1">DMW Hotline: 1348</p></footer>"`;
